// Jest Snapshot v1, https://goo.gl/fbAQLP

exports[`renders correctly 1`] = `
<View
  onLayout={[Function]}
  style={
    Object {
      "backgroundColor": "#eee",
      "flex": 1,
    }
  }
>
  <View>
    <View
      animatedStyle={
        Object {
          "value": Object {
            "opacity": 0,
          },
        }
      }
      collapsable={false}
      style={
        Object {
          "backgroundColor": "#eee",
          "bottom": 0,
          "left": 0,
          "opacity": 0,
          "position": "absolute",
          "right": 0,
          "shadowColor": "rgba(0.11, 0.2, 0.38, 0.12)",
          "shadowOffset": Object {
            "height": 2,
            "width": 0,
          },
          "shadowOpacity": 0.5,
          "shadowRadius": 10,
          "top": 0,
        }
      }
    />
    <RCTScrollView
      animatedStyle={
        Object {
          "value": Object {},
        }
      }
      collapsable={false}
      contentContainerStyle={
        Object {
          "alignItems": "center",
          "paddingHorizontal": 317,
          "paddingVertical": 0,
        }
      }
      decelerationRate="fast"
      forwardedRef={[Function]}
      horizontal={true}
      onScroll={[Function]}
      scrollEventThrottle={16}
      scrollToOverflowEnabled={true}
      showsHorizontalScrollIndicator={false}
      snapToInterval={116}
      style={
        Object {
          "flex": 0,
          "height": 144,
        }
      }
    >
      <View>
        <View
          accessible={true}
          animatedStyle={
            Object {
              "value": Object {
                "backgroundColor": "#AAAAFFff",
                "transform": Array [
                  Object {
                    "scale": 1.1,
                  },
                ],
              },
            }
          }
          collapsable={false}
          focusable={true}
          onClick={[Function]}
          onResponderGrant={[Function]}
          onResponderMove={[Function]}
          onResponderRelease={[Function]}
          onResponderTerminate={[Function]}
          onResponderTerminationRequest={[Function]}
          onStartShouldSetResponder={[Function]}
          style={
            Object {
              "alignItems": "center",
              "backgroundColor": "#AAAAFFff",
              "borderRadius": 52,
              "height": 104,
              "justifyContent": "center",
              "marginHorizontal": 6,
              "marginVertical": 20,
              "transform": Array [
                Object {
                  "scale": 1.1,
                },
              ],
              "width": 104,
            }
          }
        >
          <Image
            source={
              Object {
                "testUri": "../../../app/mocks/assets/Allan-Munger.png",
              }
            }
            style={
              Object {
                "borderRadius": 48,
                "height": 96,
                "width": 96,
              }
            }
          />
        </View>
        <View
          accessible={true}
          animatedStyle={
            Object {
              "value": Object {
                "backgroundColor": "#AAAAFF00",
                "transform": Array [
                  Object {
                    "scale": 1,
                  },
                ],
              },
            }
          }
          collapsable={false}
          focusable={true}
          onClick={[Function]}
          onResponderGrant={[Function]}
          onResponderMove={[Function]}
          onResponderRelease={[Function]}
          onResponderTerminate={[Function]}
          onResponderTerminationRequest={[Function]}
          onStartShouldSetResponder={[Function]}
          style={
            Object {
              "alignItems": "center",
              "backgroundColor": "#AAAAFF00",
              "borderRadius": 52,
              "height": 104,
              "justifyContent": "center",
              "marginHorizontal": 6,
              "marginVertical": 20,
              "transform": Array [
                Object {
                  "scale": 1,
                },
              ],
              "width": 104,
            }
          }
        >
          <Image
            source={
              Object {
                "testUri": "../../../app/mocks/assets/Amanda-Brady.png",
              }
            }
            style={
              Object {
                "borderRadius": 48,
                "height": 96,
                "width": 96,
              }
            }
          />
        </View>
        <View
          accessible={true}
          animatedStyle={
            Object {
              "value": Object {
                "backgroundColor": "#AAAAFF00",
                "transform": Array [
                  Object {
                    "scale": 1,
                  },
                ],
              },
            }
          }
          collapsable={false}
          focusable={true}
          onClick={[Function]}
          onResponderGrant={[Function]}
          onResponderMove={[Function]}
          onResponderRelease={[Function]}
          onResponderTerminate={[Function]}
          onResponderTerminationRequest={[Function]}
          onStartShouldSetResponder={[Function]}
          style={
            Object {
              "alignItems": "center",
              "backgroundColor": "#AAAAFF00",
              "borderRadius": 52,
              "height": 104,
              "justifyContent": "center",
              "marginHorizontal": 6,
              "marginVertical": 20,
              "transform": Array [
                Object {
                  "scale": 1,
                },
              ],
              "width": 104,
            }
          }
        >
          <Image
            source={
              Object {
                "testUri": "../../../app/mocks/assets/Ashley-Mc-Carthy.png",
              }
            }
            style={
              Object {
                "borderRadius": 48,
                "height": 96,
                "width": 96,
              }
            }
          />
        </View>
        <View
          accessible={true}
          animatedStyle={
            Object {
              "value": Object {
                "backgroundColor": "#AAAAFF00",
                "transform": Array [
                  Object {
                    "scale": 1,
                  },
                ],
              },
            }
          }
          collapsable={false}
          focusable={true}
          onClick={[Function]}
          onResponderGrant={[Function]}
          onResponderMove={[Function]}
          onResponderRelease={[Function]}
          onResponderTerminate={[Function]}
          onResponderTerminationRequest={[Function]}
          onStartShouldSetResponder={[Function]}
          style={
            Object {
              "alignItems": "center",
              "backgroundColor": "#AAAAFF00",
              "borderRadius": 52,
              "height": 104,
              "justifyContent": "center",
              "marginHorizontal": 6,
              "marginVertical": 20,
              "transform": Array [
                Object {
                  "scale": 1,
                },
              ],
              "width": 104,
            }
          }
        >
          <Image
            source={
              Object {
                "testUri": "../../../app/mocks/assets/Carlos-Slattery.png",
              }
            }
            style={
              Object {
                "borderRadius": 48,
                "height": 96,
                "width": 96,
              }
            }
          />
        </View>
        <View
          accessible={true}
          animatedStyle={
            Object {
              "value": Object {
                "backgroundColor": "#AAAAFF00",
                "transform": Array [
                  Object {
                    "scale": 1,
                  },
                ],
              },
            }
          }
          collapsable={false}
          focusable={true}
          onClick={[Function]}
          onResponderGrant={[Function]}
          onResponderMove={[Function]}
          onResponderRelease={[Function]}
          onResponderTerminate={[Function]}
          onResponderTerminationRequest={[Function]}
          onStartShouldSetResponder={[Function]}
          style={
            Object {
              "alignItems": "center",
              "backgroundColor": "#AAAAFF00",
              "borderRadius": 52,
              "height": 104,
              "justifyContent": "center",
              "marginHorizontal": 6,
              "marginVertical": 20,
              "transform": Array [
                Object {
                  "scale": 1,
                },
              ],
              "width": 104,
            }
          }
        >
          <Image
            source={
              Object {
                "testUri": "../../../app/mocks/assets/Carole-Poland.png",
              }
            }
            style={
              Object {
                "borderRadius": 48,
                "height": 96,
                "width": 96,
              }
            }
          />
        </View>
        <View
          accessible={true}
          animatedStyle={
            Object {
              "value": Object {
                "backgroundColor": "#AAAAFF00",
                "transform": Array [
                  Object {
                    "scale": 1,
                  },
                ],
              },
            }
          }
          collapsable={false}
          focusable={true}
          onClick={[Function]}
          onResponderGrant={[Function]}
          onResponderMove={[Function]}
          onResponderRelease={[Function]}
          onResponderTerminate={[Function]}
          onResponderTerminationRequest={[Function]}
          onStartShouldSetResponder={[Function]}
          style={
            Object {
              "alignItems": "center",
              "backgroundColor": "#AAAAFF00",
              "borderRadius": 52,
              "height": 104,
              "justifyContent": "center",
              "marginHorizontal": 6,
              "marginVertical": 20,
              "transform": Array [
                Object {
                  "scale": 1,
                },
              ],
              "width": 104,
            }
          }
        >
          <Image
            source={
              Object {
                "testUri": "../../../app/mocks/assets/Cecil-Folk.png",
              }
            }
            style={
              Object {
                "borderRadius": 48,
                "height": 96,
                "width": 96,
              }
            }
          />
        </View>
        <View
          accessible={true}
          animatedStyle={
            Object {
              "value": Object {
                "backgroundColor": "#AAAAFF00",
                "transform": Array [
                  Object {
                    "scale": 1,
                  },
                ],
              },
            }
          }
          collapsable={false}
          focusable={true}
          onClick={[Function]}
          onResponderGrant={[Function]}
          onResponderMove={[Function]}
          onResponderRelease={[Function]}
          onResponderTerminate={[Function]}
          onResponderTerminationRequest={[Function]}
          onStartShouldSetResponder={[Function]}
          style={
            Object {
              "alignItems": "center",
              "backgroundColor": "#AAAAFF00",
              "borderRadius": 52,
              "height": 104,
              "justifyContent": "center",
              "marginHorizontal": 6,
              "marginVertical": 20,
              "transform": Array [
                Object {
                  "scale": 1,
                },
              ],
              "width": 104,
            }
          }
        >
          <Image
            source={
              Object {
                "testUri": "../../../app/mocks/assets/Celeste-Burton.png",
              }
            }
            style={
              Object {
                "borderRadius": 48,
                "height": 96,
                "width": 96,
              }
            }
          />
        </View>
        <View
          accessible={true}
          animatedStyle={
            Object {
              "value": Object {
                "backgroundColor": "#AAAAFF00",
                "transform": Array [
                  Object {
                    "scale": 1,
                  },
                ],
              },
            }
          }
          collapsable={false}
          focusable={true}
          onClick={[Function]}
          onResponderGrant={[Function]}
          onResponderMove={[Function]}
          onResponderRelease={[Function]}
          onResponderTerminate={[Function]}
          onResponderTerminationRequest={[Function]}
          onStartShouldSetResponder={[Function]}
          style={
            Object {
              "alignItems": "center",
              "backgroundColor": "#AAAAFF00",
              "borderRadius": 52,
              "height": 104,
              "justifyContent": "center",
              "marginHorizontal": 6,
              "marginVertical": 20,
              "transform": Array [
                Object {
                  "scale": 1,
                },
              ],
              "width": 104,
            }
          }
        >
          <Image
            source={
              Object {
                "testUri": "../../../app/mocks/assets/Charlotte-Waltson.png",
              }
            }
            style={
              Object {
                "borderRadius": 48,
                "height": 96,
                "width": 96,
              }
            }
          />
        </View>
        <View
          accessible={true}
          animatedStyle={
            Object {
              "value": Object {
                "backgroundColor": "#AAAAFF00",
                "transform": Array [
                  Object {
                    "scale": 1,
                  },
                ],
              },
            }
          }
          collapsable={false}
          focusable={true}
          onClick={[Function]}
          onResponderGrant={[Function]}
          onResponderMove={[Function]}
          onResponderRelease={[Function]}
          onResponderTerminate={[Function]}
          onResponderTerminationRequest={[Function]}
          onStartShouldSetResponder={[Function]}
          style={
            Object {
              "alignItems": "center",
              "backgroundColor": "#AAAAFF00",
              "borderRadius": 52,
              "height": 104,
              "justifyContent": "center",
              "marginHorizontal": 6,
              "marginVertical": 20,
              "transform": Array [
                Object {
                  "scale": 1,
                },
              ],
              "width": 104,
            }
          }
        >
          <Image
            source={
              Object {
                "testUri": "../../../app/mocks/assets/Colin-Ballinger.png",
              }
            }
            style={
              Object {
                "borderRadius": 48,
                "height": 96,
                "width": 96,
              }
            }
          />
        </View>
        <View
          accessible={true}
          animatedStyle={
            Object {
              "value": Object {
                "backgroundColor": "#AAAAFF00",
                "transform": Array [
                  Object {
                    "scale": 1,
                  },
                ],
              },
            }
          }
          collapsable={false}
          focusable={true}
          onClick={[Function]}
          onResponderGrant={[Function]}
          onResponderMove={[Function]}
          onResponderRelease={[Function]}
          onResponderTerminate={[Function]}
          onResponderTerminationRequest={[Function]}
          onStartShouldSetResponder={[Function]}
          style={
            Object {
              "alignItems": "center",
              "backgroundColor": "#AAAAFF00",
              "borderRadius": 52,
              "height": 104,
              "justifyContent": "center",
              "marginHorizontal": 6,
              "marginVertical": 20,
              "transform": Array [
                Object {
                  "scale": 1,
                },
              ],
              "width": 104,
            }
          }
        >
          <Image
            source={
              Object {
                "testUri": "../../../app/mocks/assets/Daisy-Phillips.png",
              }
            }
            style={
              Object {
                "borderRadius": 48,
                "height": 96,
                "width": 96,
              }
            }
          />
        </View>
        <View
          accessible={true}
          animatedStyle={
            Object {
              "value": Object {
                "backgroundColor": "#AAAAFF00",
                "transform": Array [
                  Object {
                    "scale": 1,
                  },
                ],
              },
            }
          }
          collapsable={false}
          focusable={true}
          onClick={[Function]}
          onResponderGrant={[Function]}
          onResponderMove={[Function]}
          onResponderRelease={[Function]}
          onResponderTerminate={[Function]}
          onResponderTerminationRequest={[Function]}
          onStartShouldSetResponder={[Function]}
          style={
            Object {
              "alignItems": "center",
              "backgroundColor": "#AAAAFF00",
              "borderRadius": 52,
              "height": 104,
              "justifyContent": "center",
              "marginHorizontal": 6,
              "marginVertical": 20,
              "transform": Array [
                Object {
                  "scale": 1,
                },
              ],
              "width": 104,
            }
          }
        >
          <Image
            source={
              Object {
                "testUri": "../../../app/mocks/assets/Elliot-Woodward.png",
              }
            }
            style={
              Object {
                "borderRadius": 48,
                "height": 96,
                "width": 96,
              }
            }
          />
        </View>
        <View
          accessible={true}
          animatedStyle={
            Object {
              "value": Object {
                "backgroundColor": "#AAAAFF00",
                "transform": Array [
                  Object {
                    "scale": 1,
                  },
                ],
              },
            }
          }
          collapsable={false}
          focusable={true}
          onClick={[Function]}
          onResponderGrant={[Function]}
          onResponderMove={[Function]}
          onResponderRelease={[Function]}
          onResponderTerminate={[Function]}
          onResponderTerminationRequest={[Function]}
          onStartShouldSetResponder={[Function]}
          style={
            Object {
              "alignItems": "center",
              "backgroundColor": "#AAAAFF00",
              "borderRadius": 52,
              "height": 104,
              "justifyContent": "center",
              "marginHorizontal": 6,
              "marginVertical": 20,
              "transform": Array [
                Object {
                  "scale": 1,
                },
              ],
              "width": 104,
            }
          }
        >
          <Image
            source={
              Object {
                "testUri": "../../../app/mocks/assets/Elvia-Atkins.png",
              }
            }
            style={
              Object {
                "borderRadius": 48,
                "height": 96,
                "width": 96,
              }
            }
          />
        </View>
        <View
          accessible={true}
          animatedStyle={
            Object {
              "value": Object {
                "backgroundColor": "#AAAAFF00",
                "transform": Array [
                  Object {
                    "scale": 1,
                  },
                ],
              },
            }
          }
          collapsable={false}
          focusable={true}
          onClick={[Function]}
          onResponderGrant={[Function]}
          onResponderMove={[Function]}
          onResponderRelease={[Function]}
          onResponderTerminate={[Function]}
          onResponderTerminationRequest={[Function]}
          onStartShouldSetResponder={[Function]}
          style={
            Object {
              "alignItems": "center",
              "backgroundColor": "#AAAAFF00",
              "borderRadius": 52,
              "height": 104,
              "justifyContent": "center",
              "marginHorizontal": 6,
              "marginVertical": 20,
              "transform": Array [
                Object {
                  "scale": 1,
                },
              ],
              "width": 104,
            }
          }
        >
          <Image
            source={
              Object {
                "testUri": "../../../app/mocks/assets/Erik-Nason.png",
              }
            }
            style={
              Object {
                "borderRadius": 48,
                "height": 96,
                "width": 96,
              }
            }
          />
        </View>
        <View
          accessible={true}
          animatedStyle={
            Object {
              "value": Object {
                "backgroundColor": "#AAAAFF00",
                "transform": Array [
                  Object {
                    "scale": 1,
                  },
                ],
              },
            }
          }
          collapsable={false}
          focusable={true}
          onClick={[Function]}
          onResponderGrant={[Function]}
          onResponderMove={[Function]}
          onResponderRelease={[Function]}
          onResponderTerminate={[Function]}
          onResponderTerminationRequest={[Function]}
          onStartShouldSetResponder={[Function]}
          style={
            Object {
              "alignItems": "center",
              "backgroundColor": "#AAAAFF00",
              "borderRadius": 52,
              "height": 104,
              "justifyContent": "center",
              "marginHorizontal": 6,
              "marginVertical": 20,
              "transform": Array [
                Object {
                  "scale": 1,
                },
              ],
              "width": 104,
            }
          }
        >
          <Image
            source={
              Object {
                "testUri": "../../../app/mocks/assets/Henry-Brill.png",
              }
            }
            style={
              Object {
                "borderRadius": 48,
                "height": 96,
                "width": 96,
              }
            }
          />
        </View>
        <View
          accessible={true}
          animatedStyle={
            Object {
              "value": Object {
                "backgroundColor": "#AAAAFF00",
                "transform": Array [
                  Object {
                    "scale": 1,
                  },
                ],
              },
            }
          }
          collapsable={false}
          focusable={true}
          onClick={[Function]}
          onResponderGrant={[Function]}
          onResponderMove={[Function]}
          onResponderRelease={[Function]}
          onResponderTerminate={[Function]}
          onResponderTerminationRequest={[Function]}
          onStartShouldSetResponder={[Function]}
          style={
            Object {
              "alignItems": "center",
              "backgroundColor": "#AAAAFF00",
              "borderRadius": 52,
              "height": 104,
              "justifyContent": "center",
              "marginHorizontal": 6,
              "marginVertical": 20,
              "transform": Array [
                Object {
                  "scale": 1,
                },
              ],
              "width": 104,
            }
          }
        >
          <Image
            source={
              Object {
                "testUri": "../../../app/mocks/assets/Isaac-Fielder.png",
              }
            }
            style={
              Object {
                "borderRadius": 48,
                "height": 96,
                "width": 96,
              }
            }
          />
        </View>
        <View
          accessible={true}
          animatedStyle={
            Object {
              "value": Object {
                "backgroundColor": "#AAAAFF00",
                "transform": Array [
                  Object {
                    "scale": 1,
                  },
                ],
              },
            }
          }
          collapsable={false}
          focusable={true}
          onClick={[Function]}
          onResponderGrant={[Function]}
          onResponderMove={[Function]}
          onResponderRelease={[Function]}
          onResponderTerminate={[Function]}
          onResponderTerminationRequest={[Function]}
          onStartShouldSetResponder={[Function]}
          style={
            Object {
              "alignItems": "center",
              "backgroundColor": "#AAAAFF00",
              "borderRadius": 52,
              "height": 104,
              "justifyContent": "center",
              "marginHorizontal": 6,
              "marginVertical": 20,
              "transform": Array [
                Object {
                  "scale": 1,
                },
              ],
              "width": 104,
            }
          }
        >
          <Image
            source={
              Object {
                "testUri": "../../../app/mocks/assets/Johnie-McConnell.png",
              }
            }
            style={
              Object {
                "borderRadius": 48,
                "height": 96,
                "width": 96,
              }
            }
          />
        </View>
        <View
          accessible={true}
          animatedStyle={
            Object {
              "value": Object {
                "backgroundColor": "#AAAAFF00",
                "transform": Array [
                  Object {
                    "scale": 1,
                  },
                ],
              },
            }
          }
          collapsable={false}
          focusable={true}
          onClick={[Function]}
          onResponderGrant={[Function]}
          onResponderMove={[Function]}
          onResponderRelease={[Function]}
          onResponderTerminate={[Function]}
          onResponderTerminationRequest={[Function]}
          onStartShouldSetResponder={[Function]}
          style={
            Object {
              "alignItems": "center",
              "backgroundColor": "#AAAAFF00",
              "borderRadius": 52,
              "height": 104,
              "justifyContent": "center",
              "marginHorizontal": 6,
              "marginVertical": 20,
              "transform": Array [
                Object {
                  "scale": 1,
                },
              ],
              "width": 104,
            }
          }
        >
          <Image
            source={
              Object {
                "testUri": "../../../app/mocks/assets/Kat-larsson.png",
              }
            }
            style={
              Object {
                "borderRadius": 48,
                "height": 96,
                "width": 96,
              }
            }
          />
        </View>
        <View
          accessible={true}
          animatedStyle={
            Object {
              "value": Object {
                "backgroundColor": "#AAAAFF00",
                "transform": Array [
                  Object {
                    "scale": 1,
                  },
                ],
              },
            }
          }
          collapsable={false}
          focusable={true}
          onClick={[Function]}
          onResponderGrant={[Function]}
          onResponderMove={[Function]}
          onResponderRelease={[Function]}
          onResponderTerminate={[Function]}
          onResponderTerminationRequest={[Function]}
          onStartShouldSetResponder={[Function]}
          style={
            Object {
              "alignItems": "center",
              "backgroundColor": "#AAAAFF00",
              "borderRadius": 52,
              "height": 104,
              "justifyContent": "center",
              "marginHorizontal": 6,
              "marginVertical": 20,
              "transform": Array [
                Object {
                  "scale": 1,
                },
              ],
              "width": 104,
            }
          }
        >
          <Image
            source={
              Object {
                "testUri": "../../../app/mocks/assets/Katri-Ahokas.png",
              }
            }
            style={
              Object {
                "borderRadius": 48,
                "height": 96,
                "width": 96,
              }
            }
          />
        </View>
        <View
          accessible={true}
          animatedStyle={
            Object {
              "value": Object {
                "backgroundColor": "#AAAAFF00",
                "transform": Array [
                  Object {
                    "scale": 1,
                  },
                ],
              },
            }
          }
          collapsable={false}
          focusable={true}
          onClick={[Function]}
          onResponderGrant={[Function]}
          onResponderMove={[Function]}
          onResponderRelease={[Function]}
          onResponderTerminate={[Function]}
          onResponderTerminationRequest={[Function]}
          onStartShouldSetResponder={[Function]}
          style={
            Object {
              "alignItems": "center",
              "backgroundColor": "#AAAAFF00",
              "borderRadius": 52,
              "height": 104,
              "justifyContent": "center",
              "marginHorizontal": 6,
              "marginVertical": 20,
              "transform": Array [
                Object {
                  "scale": 1,
                },
              ],
              "width": 104,
            }
          }
        >
          <Image
            source={
              Object {
                "testUri": "../../../app/mocks/assets/Kevin-Sturgis.png",
              }
            }
            style={
              Object {
                "borderRadius": 48,
                "height": 96,
                "width": 96,
              }
            }
          />
        </View>
        <View
          accessible={true}
          animatedStyle={
            Object {
              "value": Object {
                "backgroundColor": "#AAAAFF00",
                "transform": Array [
                  Object {
                    "scale": 1,
                  },
                ],
              },
            }
          }
          collapsable={false}
          focusable={true}
          onClick={[Function]}
          onResponderGrant={[Function]}
          onResponderMove={[Function]}
          onResponderRelease={[Function]}
          onResponderTerminate={[Function]}
          onResponderTerminationRequest={[Function]}
          onStartShouldSetResponder={[Function]}
          style={
            Object {
              "alignItems": "center",
              "backgroundColor": "#AAAAFF00",
              "borderRadius": 52,
              "height": 104,
              "justifyContent": "center",
              "marginHorizontal": 6,
              "marginVertical": 20,
              "transform": Array [
                Object {
                  "scale": 1,
                },
              ],
              "width": 104,
            }
          }
        >
          <Image
            source={
              Object {
                "testUri": "../../../app/mocks/assets/Kristin-Patterson.png",
              }
            }
            style={
              Object {
                "borderRadius": 48,
                "height": 96,
                "width": 96,
              }
            }
          />
        </View>
        <View
          accessible={true}
          animatedStyle={
            Object {
              "value": Object {
                "backgroundColor": "#AAAAFF00",
                "transform": Array [
                  Object {
                    "scale": 1,
                  },
                ],
              },
            }
          }
          collapsable={false}
          focusable={true}
          onClick={[Function]}
          onResponderGrant={[Function]}
          onResponderMove={[Function]}
          onResponderRelease={[Function]}
          onResponderTerminate={[Function]}
          onResponderTerminationRequest={[Function]}
          onStartShouldSetResponder={[Function]}
          style={
            Object {
              "alignItems": "center",
              "backgroundColor": "#AAAAFF00",
              "borderRadius": 52,
              "height": 104,
              "justifyContent": "center",
              "marginHorizontal": 6,
              "marginVertical": 20,
              "transform": Array [
                Object {
                  "scale": 1,
                },
              ],
              "width": 104,
            }
          }
        >
          <Image
            source={
              Object {
                "testUri": "../../../app/mocks/assets/Lydia-Bauer.png",
              }
            }
            style={
              Object {
                "borderRadius": 48,
                "height": 96,
                "width": 96,
              }
            }
          />
        </View>
        <View
          accessible={true}
          animatedStyle={
            Object {
              "value": Object {
                "backgroundColor": "#AAAAFF00",
                "transform": Array [
                  Object {
                    "scale": 1,
                  },
                ],
              },
            }
          }
          collapsable={false}
          focusable={true}
          onClick={[Function]}
          onResponderGrant={[Function]}
          onResponderMove={[Function]}
          onResponderRelease={[Function]}
          onResponderTerminate={[Function]}
          onResponderTerminationRequest={[Function]}
          onStartShouldSetResponder={[Function]}
          style={
            Object {
              "alignItems": "center",
              "backgroundColor": "#AAAAFF00",
              "borderRadius": 52,
              "height": 104,
              "justifyContent": "center",
              "marginHorizontal": 6,
              "marginVertical": 20,
              "transform": Array [
                Object {
                  "scale": 1,
                },
              ],
              "width": 104,
            }
          }
        >
          <Image
            source={
              Object {
                "testUri": "../../../app/mocks/assets/Mauricio-August.png",
              }
            }
            style={
              Object {
                "borderRadius": 48,
                "height": 96,
                "width": 96,
              }
            }
          />
        </View>
        <View
          accessible={true}
          animatedStyle={
            Object {
              "value": Object {
                "backgroundColor": "#AAAAFF00",
                "transform": Array [
                  Object {
                    "scale": 1,
                  },
                ],
              },
            }
          }
          collapsable={false}
          focusable={true}
          onClick={[Function]}
          onResponderGrant={[Function]}
          onResponderMove={[Function]}
          onResponderRelease={[Function]}
          onResponderTerminate={[Function]}
          onResponderTerminationRequest={[Function]}
          onStartShouldSetResponder={[Function]}
          style={
            Object {
              "alignItems": "center",
              "backgroundColor": "#AAAAFF00",
              "borderRadius": 52,
              "height": 104,
              "justifyContent": "center",
              "marginHorizontal": 6,
              "marginVertical": 20,
              "transform": Array [
                Object {
                  "scale": 1,
                },
              ],
              "width": 104,
            }
          }
        >
          <Image
            source={
              Object {
                "testUri": "../../../app/mocks/assets/Miguel-Garcia.png",
              }
            }
            style={
              Object {
                "borderRadius": 48,
                "height": 96,
                "width": 96,
              }
            }
          />
        </View>
        <View
          accessible={true}
          animatedStyle={
            Object {
              "value": Object {
                "backgroundColor": "#AAAAFF00",
                "transform": Array [
                  Object {
                    "scale": 1,
                  },
                ],
              },
            }
          }
          collapsable={false}
          focusable={true}
          onClick={[Function]}
          onResponderGrant={[Function]}
          onResponderMove={[Function]}
          onResponderRelease={[Function]}
          onResponderTerminate={[Function]}
          onResponderTerminationRequest={[Function]}
          onStartShouldSetResponder={[Function]}
          style={
            Object {
              "alignItems": "center",
              "backgroundColor": "#AAAAFF00",
              "borderRadius": 52,
              "height": 104,
              "justifyContent": "center",
              "marginHorizontal": 6,
              "marginVertical": 20,
              "transform": Array [
                Object {
                  "scale": 1,
                },
              ],
              "width": 104,
            }
          }
        >
          <Image
            source={
              Object {
                "testUri": "../../../app/mocks/assets/Mona-Kane.png",
              }
            }
            style={
              Object {
                "borderRadius": 48,
                "height": 96,
                "width": 96,
              }
            }
          />
        </View>
        <View
          accessible={true}
          animatedStyle={
            Object {
              "value": Object {
                "backgroundColor": "#AAAAFF00",
                "transform": Array [
                  Object {
                    "scale": 1,
                  },
                ],
              },
            }
          }
          collapsable={false}
          focusable={true}
          onClick={[Function]}
          onResponderGrant={[Function]}
          onResponderMove={[Function]}
          onResponderRelease={[Function]}
          onResponderTerminate={[Function]}
          onResponderTerminationRequest={[Function]}
          onStartShouldSetResponder={[Function]}
          style={
            Object {
              "alignItems": "center",
              "backgroundColor": "#AAAAFF00",
              "borderRadius": 52,
              "height": 104,
              "justifyContent": "center",
              "marginHorizontal": 6,
              "marginVertical": 20,
              "transform": Array [
                Object {
                  "scale": 1,
                },
              ],
              "width": 104,
            }
          }
        >
          <Image
            source={
              Object {
                "testUri": "../../../app/mocks/assets/Robert-Tolbert.png",
              }
            }
            style={
              Object {
                "borderRadius": 48,
                "height": 96,
                "width": 96,
              }
            }
          />
        </View>
        <View
          accessible={true}
          animatedStyle={
            Object {
              "value": Object {
                "backgroundColor": "#AAAAFF00",
                "transform": Array [
                  Object {
                    "scale": 1,
                  },
                ],
              },
            }
          }
          collapsable={false}
          focusable={true}
          onClick={[Function]}
          onResponderGrant={[Function]}
          onResponderMove={[Function]}
          onResponderRelease={[Function]}
          onResponderTerminate={[Function]}
          onResponderTerminationRequest={[Function]}
          onStartShouldSetResponder={[Function]}
          style={
            Object {
              "alignItems": "center",
              "backgroundColor": "#AAAAFF00",
              "borderRadius": 52,
              "height": 104,
              "justifyContent": "center",
              "marginHorizontal": 6,
              "marginVertical": 20,
              "transform": Array [
                Object {
                  "scale": 1,
                },
              ],
              "width": 104,
            }
          }
        >
          <Image
            source={
              Object {
                "testUri": "../../../app/mocks/assets/Robin-Counts.png",
              }
            }
            style={
              Object {
                "borderRadius": 48,
                "height": 96,
                "width": 96,
              }
            }
          />
        </View>
        <View
          accessible={true}
          animatedStyle={
            Object {
              "value": Object {
                "backgroundColor": "#AAAAFF00",
                "transform": Array [
                  Object {
                    "scale": 1,
                  },
                ],
              },
            }
          }
          collapsable={false}
          focusable={true}
          onClick={[Function]}
          onResponderGrant={[Function]}
          onResponderMove={[Function]}
          onResponderRelease={[Function]}
          onResponderTerminate={[Function]}
          onResponderTerminationRequest={[Function]}
          onStartShouldSetResponder={[Function]}
          style={
            Object {
              "alignItems": "center",
              "backgroundColor": "#AAAAFF00",
              "borderRadius": 52,
              "height": 104,
              "justifyContent": "center",
              "marginHorizontal": 6,
              "marginVertical": 20,
              "transform": Array [
                Object {
                  "scale": 1,
                },
              ],
              "width": 104,
            }
          }
        >
          <Image
            source={
              Object {
                "testUri": "../../../app/mocks/assets/Tim-Deboer.png",
              }
            }
            style={
              Object {
                "borderRadius": 48,
                "height": 96,
                "width": 96,
              }
            }
          />
        </View>
        <View
          accessible={true}
          animatedStyle={
            Object {
              "value": Object {
                "backgroundColor": "#AAAAFF00",
                "transform": Array [
                  Object {
                    "scale": 1,
                  },
                ],
              },
            }
          }
          collapsable={false}
          focusable={true}
          onClick={[Function]}
          onResponderGrant={[Function]}
          onResponderMove={[Function]}
          onResponderRelease={[Function]}
          onResponderTerminate={[Function]}
          onResponderTerminationRequest={[Function]}
          onStartShouldSetResponder={[Function]}
          style={
            Object {
              "alignItems": "center",
              "backgroundColor": "#AAAAFF00",
              "borderRadius": 52,
              "height": 104,
              "justifyContent": "center",
              "marginHorizontal": 6,
              "marginVertical": 20,
              "transform": Array [
                Object {
                  "scale": 1,
                },
              ],
              "width": 104,
            }
          }
        >
          <Image
            source={
              Object {
                "testUri": "../../../app/mocks/assets/Wanda-Howard.png",
              }
            }
            style={
              Object {
                "borderRadius": 48,
                "height": 96,
                "width": 96,
              }
            }
          />
        </View>
      </View>
    </RCTScrollView>
  </View>
</View>
`;
